===== P0ctl (delay 0ms, 0 B/s) =====
connected on 25566
Set up 1000 stacks over 1 channel(s).
  channel 0: 1000 stacks (600 plain, 300 small payload, 100 heavy payload)
    index 0=1000
--- P0ctl_1000_1ch_A_r1
    client_row=True server_row=True
--- P0ctl_1000_1ch_A_r2
    client_row=True server_row=True
--- P0ctl_1000_1ch_A_r3
    client_row=True server_row=True
--- P0ctl_1000_1ch_B_r1
    client_row=True server_row=True
--- P0ctl_1000_1ch_B_r2
    client_row=True server_row=True
--- P0ctl_1000_1ch_B_r3
    client_row=True server_row=True
Set up 10000 stacks over 1 channel(s).
  channel 0: 10000 stacks (1615 plain, 7385 small payload, 1000 heavy payload)
    index 0=10000
--- P0ctl_10000_1ch_A_r1
    client_row=True server_row=True
--- P0ctl_10000_1ch_A_r2
    client_row=True server_row=True
--- P0ctl_10000_1ch_A_r3
    client_row=True server_row=True
--- P0ctl_10000_1ch_B_r1
    client_row=True server_row=True
--- P0ctl_10000_1ch_B_r2
    client_row=True server_row=True
--- P0ctl_10000_1ch_B_r3
    client_row=True server_row=True
done
===== P1 (delay 25ms, 2500000 B/s) =====
connected on 25566
Set up 1000 stacks over 1 channel(s).
  channel 0: 1000 stacks (600 plain, 300 small payload, 100 heavy payload)
    index 0=1000
--- P1_1000_1ch_A_r1
    client_row=True server_row=True
--- P1_1000_1ch_A_r2
    client_row=True server_row=True
--- P1_1000_1ch_A_r3
    client_row=True server_row=True
--- P1_1000_1ch_B_r1
    client_row=True server_row=True
--- P1_1000_1ch_B_r2
    client_row=True server_row=True
--- P1_1000_1ch_B_r3
    client_row=True server_row=True
Set up 10000 stacks over 1 channel(s).
  channel 0: 10000 stacks (1615 plain, 7385 small payload, 1000 heavy payload)
    index 0=10000
--- P1_10000_1ch_A_r1
    client_row=True server_row=True
--- P1_10000_1ch_A_r2
    client_row=True server_row=True
--- P1_10000_1ch_A_r3
    client_row=True server_row=True
--- P1_10000_1ch_B_r1
    client_row=True server_row=True
--- P1_10000_1ch_B_r2
    client_row=True server_row=True
--- P1_10000_1ch_B_r3
    client_row=True server_row=True
Set up 50000 stacks over 1 channel(s).
  channel 0: 50000 stacks (1615 plain, 43385 small payload, 5000 heavy payload)
    index 0=50000
--- P1_50000_1ch_A_r1
    client_row=True server_row=True
--- P1_50000_1ch_A_r2
    client_row=True server_row=True
--- P1_50000_1ch_A_r3
    client_row=True server_row=True
--- P1_50000_1ch_B_r1
    client_row=True server_row=True
--- P1_50000_1ch_B_r2
    client_row=True server_row=True
--- P1_50000_1ch_B_r3
    client_row=True server_row=True
done
===== P1 (delay 25ms, 2500000 B/s) =====
connected on 25566
Set up 10000 stacks over 4 channel(s).
  channel 0: 2500 stacks (1500 plain, 750 small payload, 250 heavy payload)
  channel 1: 2500 stacks (1500 plain, 750 small payload, 250 heavy payload)
  channel 2: 2500 stacks (1500 plain, 750 small payload, 250 heavy payload)
  channel 3: 2500 stacks (1500 plain, 750 small payload, 250 heavy payload)
    index 0=2500 1=2500 2=2500 3=2500
--- P1_10000_4ch_A_r1
    client_row=True server_row=True
--- P1_10000_4ch_A_r2
    client_row=True server_row=True
--- P1_10000_4ch_A_r3
    client_row=True server_row=True
--- P1_10000_4ch_B_r1
    client_row=True server_row=True
--- P1_10000_4ch_B_r2
    client_row=True server_row=True
--- P1_10000_4ch_B_r3
    client_row=True server_row=True
done
===== P1 (delay 25ms, 2500000 B/s) =====
connected on 25566
Set up 10000 stacks over 1 channel(s).
  channel 0: 10000 stacks (1615 plain, 7385 small payload, 1000 heavy payload)
    index 0=10000
--- P1_10000_1ch_C_r1
    client_row=True server_row=True
--- P1_10000_1ch_C_r2
    client_row=True server_row=True
--- P1_10000_1ch_C_r3
    client_row=True server_row=True
--- P1_10000_1ch_D_r1
    client_row=True server_row=True
--- P1_10000_1ch_D_r2
    client_row=True server_row=True
--- P1_10000_1ch_D_r3
    client_row=True server_row=True
done
===== P2 (delay 75ms, 625000 B/s) =====
connected on 25566
Set up 1000 stacks over 1 channel(s).
  channel 0: 1000 stacks (600 plain, 300 small payload, 100 heavy payload)
    index 0=1000
--- P2_1000_1ch_A_r1
    client_row=True server_row=True
--- P2_1000_1ch_A_r2
    client_row=True server_row=True
--- P2_1000_1ch_A_r3
    client_row=True server_row=True
--- P2_1000_1ch_B_r1
    client_row=True server_row=True
--- P2_1000_1ch_B_r2
    client_row=True server_row=True
--- P2_1000_1ch_B_r3
    client_row=True server_row=True
Set up 10000 stacks over 1 channel(s).
  channel 0: 10000 stacks (1615 plain, 7385 small payload, 1000 heavy payload)
    index 0=10000
--- P2_10000_1ch_A_r1
    client_row=True server_row=True
--- P2_10000_1ch_A_r2
    client_row=True server_row=True
--- P2_10000_1ch_A_r3
    client_row=True server_row=True
--- P2_10000_1ch_B_r1
    client_row=True server_row=True
--- P2_10000_1ch_B_r2
    client_row=True server_row=True
--- P2_10000_1ch_B_r3
    client_row=True server_row=True
Set up 50000 stacks over 1 channel(s).
  channel 0: 50000 stacks (1615 plain, 43385 small payload, 5000 heavy payload)
    index 0=50000
--- P2_50000_1ch_A_r1
    client_row=True server_row=True
--- P2_50000_1ch_A_r2
    client_row=True server_row=True
--- P2_50000_1ch_A_r3
    client_row=True server_row=True
--- P2_50000_1ch_B_r1
    client_row=True server_row=True
--- P2_50000_1ch_B_r2
    open failed after 3 attempts: used empty (aimed at block); screen: none
warning: The player was looking at a block, which takes a right-click before the held item does. Aim at nothing first (`look --pitch -90`), or pass --hand main to use the item regardless.
    client_row=True server_row=True
--- P2_50000_1ch_B_r3
    client_row=True server_row=True
done
===== P2 (delay 75ms, 625000 B/s) =====
connected on 25566
Set up 10000 stacks over 4 channel(s).
  channel 0: 2500 stacks (1500 plain, 750 small payload, 250 heavy payload)
  channel 1: 2500 stacks (1500 plain, 750 small payload, 250 heavy payload)
  channel 2: 2500 stacks (1500 plain, 750 small payload, 250 heavy payload)
  channel 3: 2500 stacks (1500 plain, 750 small payload, 250 heavy payload)
    index 0=2500 1=2500 2=2500 3=2500
--- P2_10000_4ch_A_r1
    client_row=True server_row=True
--- P2_10000_4ch_A_r2
    client_row=True server_row=True
--- P2_10000_4ch_A_r3
    client_row=True server_row=True
--- P2_10000_4ch_B_r1
    client_row=True server_row=True
--- P2_10000_4ch_B_r2
    client_row=True server_row=True
--- P2_10000_4ch_B_r3
    client_row=True server_row=True
done
===== P2 (delay 75ms, 625000 B/s) =====
connected on 25566
Set up 10000 stacks over 1 channel(s).
  channel 0: 10000 stacks (1615 plain, 7385 small payload, 1000 heavy payload)
    index 0=10000
--- P2_10000_1ch_C_r1
    client_row=True server_row=True
--- P2_10000_1ch_C_r2
    client_row=True server_row=True
--- P2_10000_1ch_C_r3
    client_row=True server_row=True
--- P2_10000_1ch_D_r1
    client_row=True server_row=True
--- P2_10000_1ch_D_r2
    client_row=True server_row=True
--- P2_10000_1ch_D_r3
    client_row=True server_row=True
done
===== P3 (delay 150ms, 250000 B/s) =====
connected on 25566
Set up 1000 stacks over 1 channel(s).
  channel 0: 1000 stacks (600 plain, 300 small payload, 100 heavy payload)
    index 0=1000
--- P3_1000_1ch_A_r1
    open failed after 3 attempts: used empty (aimed at block); screen: none
warning: The player was looking at a block, which takes a right-click before the held item does. Aim at nothing first (`look --pitch -90`), or pass --hand main to use the item regardless.
    open failed after 3 attempts: used empty (aimed at block); screen: none
warning: The player was looking at a block, which takes a right-click before the held item does. Aim at nothing first (`look --pitch -90`), or pass --hand main to use the item regardless.
    client_row=False server_row=False
--- P3_1000_1ch_A_r2
    open failed after 3 attempts: used empty (aimed at block); screen: none
warning: The player was looking at a block, which takes a right-click before the held item does. Aim at nothing first (`look --pitch -90`), or pass --hand main to use the item regardless.
    open failed after 3 attempts: used empty (aimed at block); screen: none
warning: The player was looking at a block, which takes a right-click before the held item does. Aim at nothing first (`look --pitch -90`), or pass --hand main to use the item regardless.
    client_row=False server_row=False
--- P3_1000_1ch_A_r3
    open failed after 3 attempts: used empty (aimed at block); screen: none
warning: The player was looking at a block, which takes a right-click before the held item does. Aim at nothing first (`look --pitch -90`), or pass --hand main to use the item regardless.
    open failed after 3 attempts: used empty (aimed at block); screen: none
warning: The player was looking at a block, which takes a right-click before the held item does. Aim at nothing first (`look --pitch -90`), or pass --hand main to use the item regardless.
    client_row=False server_row=False
--- P3_1000_1ch_B_r1
    open failed after 3 attempts: used empty (aimed at block); screen: none
warning: The player was looking at a block, which takes a right-click before the held item does. Aim at nothing first (`look --pitch -90`), or pass --hand main to use the item regardless.
    open failed after 3 attempts: used empty (aimed at block); screen: none
warning: The player was looking at a block, which takes a right-click before the held item does. Aim at nothing first (`look --pitch -90`), or pass --hand main to use the item regardless.
    client_row=False server_row=False
--- P3_1000_1ch_B_r2
    open failed after 3 attempts: used empty (aimed at block); screen: none
warning: The player was looking at a block, which takes a right-click before the held item does. Aim at nothing first (`look --pitch -90`), or pass --hand main to use the item regardless.
    open failed after 3 attempts: used empty (aimed at block); screen: none
warning: The player was looking at a block, which takes a right-click before the held item does. Aim at nothing first (`look --pitch -90`), or pass --hand main to use the item regardless.
    client_row=False server_row=False
--- P3_1000_1ch_B_r3
    open failed after 3 attempts: used empty (aimed at block); screen: none
warning: The player was looking at a block, which takes a right-click before the held item does. Aim at nothing first (`look --pitch -90`), or pass --hand main to use the item regardless.
    open failed after 3 attempts: used empty (aimed at block); screen: none
warning: The player was looking at a block, which takes a right-click before the held item does. Aim at nothing first (`look --pitch -90`), or pass --hand main to use the item regardless.
    client_row=False server_row=False
Set up 10000 stacks over 1 channel(s).
  channel 0: 10000 stacks (1615 plain, 7385 small payload, 1000 heavy payload)
    index 0=10000
--- P3_10000_1ch_A_r1
    open failed after 3 attempts: used empty (aimed at block); screen: none
warning: The player was looking at a block, which takes a right-click before the held item does. Aim at nothing first (`look --pitch -90`), or pass --hand main to use the item regardless.
    open failed after 3 attempts: used empty (aimed at block); screen: none
warning: The player was looking at a block, which takes a right-click before the held item does. Aim at nothing first (`look --pitch -90`), or pass --hand main to use the item regardless.
    client_row=False server_row=False
--- P3_10000_1ch_A_r2
    open failed after 3 attempts: used empty (aimed at block); screen: none
warning: The player was looking at a block, which takes a right-click before the held item does. Aim at nothing first (`look --pitch -90`), or pass --hand main to use the item regardless.
    open failed after 3 attempts: used empty (aimed at block); screen: none
warning: The player was looking at a block, which takes a right-click before the held item does. Aim at nothing first (`look --pitch -90`), or pass --hand main to use the item regardless.
    client_row=False server_row=False
--- P3_10000_1ch_A_r3
    open failed after 3 attempts: used empty (aimed at block); screen: none
warning: The player was looking at a block, which takes a right-click before the held item does. Aim at nothing first (`look --pitch -90`), or pass --hand main to use the item regardless.
    open failed after 3 attempts: used empty (aimed at block); screen: none
warning: The player was looking at a block, which takes a right-click before the held item does. Aim at nothing first (`look --pitch -90`), or pass --hand main to use the item regardless.
    client_row=False server_row=False
--- P3_10000_1ch_B_r1
    open failed after 3 attempts: used empty (aimed at block); screen: none
warning: The player was looking at a block, which takes a right-click before the held item does. Aim at nothing first (`look --pitch -90`), or pass --hand main to use the item regardless.
    open failed after 3 attempts: used empty (aimed at block); screen: none
warning: The player was looking at a block, which takes a right-click before the held item does. Aim at nothing first (`look --pitch -90`), or pass --hand main to use the item regardless.
    client_row=False server_row=False
--- P3_10000_1ch_B_r2
    open failed after 3 attempts: used empty (aimed at block); screen: none
warning: The player was looking at a block, which takes a right-click before the held item does. Aim at nothing first (`look --pitch -90`), or pass --hand main to use the item regardless.
    open failed after 3 attempts: used empty (aimed at block); screen: none
warning: The player was looking at a block, which takes a right-click before the held item does. Aim at nothing first (`look --pitch -90`), or pass --hand main to use the item regardless.
    client_row=False server_row=False
--- P3_10000_1ch_B_r3
    open failed after 3 attempts: used empty (aimed at block); screen: none
warning: The player was looking at a block, which takes a right-click before the held item does. Aim at nothing first (`look --pitch -90`), or pass --hand main to use the item regardless.
    open failed after 3 attempts: used empty (aimed at block); screen: none
warning: The player was looking at a block, which takes a right-click before the held item does. Aim at nothing first (`look --pitch -90`), or pass --hand main to use the item regardless.
    client_row=False server_row=False
Set up 50000 stacks over 1 channel(s).
  channel 0: 50000 stacks (1615 plain, 43385 small payload, 5000 heavy payload)
    index 0=50000
--- P3_50000_1ch_A_r1
    open failed after 3 attempts: used empty (aimed at block); screen: none
warning: The player was looking at a block, which takes a right-click before the held item does. Aim at nothing first (`look --pitch -90`), or pass --hand main to use the item regardless.
    open failed after 3 attempts: used empty (aimed at block); screen: none
warning: The player was looking at a block, which takes a right-click before the held item does. Aim at nothing first (`look --pitch -90`), or pass --hand main to use the item regardless.
    client_row=False server_row=False
--- P3_50000_1ch_A_r2
    open failed after 3 attempts: used empty (aimed at block); screen: none
warning: The player was looking at a block, which takes a right-click before the held item does. Aim at nothing first (`look --pitch -90`), or pass --hand main to use the item regardless.
    open failed after 3 attempts: used empty (aimed at block); screen: none
warning: The player was looking at a block, which takes a right-click before the held item does. Aim at nothing first (`look --pitch -90`), or pass --hand main to use the item regardless.
    client_row=False server_row=False
--- P3_50000_1ch_A_r3
    open failed after 3 attempts: used empty (aimed at block); screen: none
warning: The player was looking at a block, which takes a right-click before the held item does. Aim at nothing first (`look --pitch -90`), or pass --hand main to use the item regardless.
    open failed after 3 attempts: used empty (aimed at block); screen: none
warning: The player was looking at a block, which takes a right-click before the held item does. Aim at nothing first (`look --pitch -90`), or pass --hand main to use the item regardless.
    client_row=False server_row=False
--- P3_50000_1ch_B_r1
    open failed after 3 attempts: used empty (aimed at block); screen: none
warning: The player was looking at a block, which takes a right-click before the held item does. Aim at nothing first (`look --pitch -90`), or pass --hand main to use the item regardless.
    open failed after 3 attempts: used empty (aimed at block); screen: none
warning: The player was looking at a block, which takes a right-click before the held item does. Aim at nothing first (`look --pitch -90`), or pass --hand main to use the item regardless.
    client_row=False server_row=False
--- P3_50000_1ch_B_r2
    open failed after 3 attempts: used empty (aimed at block); screen: none
warning: The player was looking at a block, which takes a right-click before the held item does. Aim at nothing first (`look --pitch -90`), or pass --hand main to use the item regardless.
    open failed after 3 attempts: used empty (aimed at block); screen: none
warning: The player was looking at a block, which takes a right-click before the held item does. Aim at nothing first (`look --pitch -90`), or pass --hand main to use the item regardless.
    client_row=False server_row=False
--- P3_50000_1ch_B_r3
    open failed after 3 attempts: used empty (aimed at block); screen: none
warning: The player was looking at a block, which takes a right-click before the held item does. Aim at nothing first (`look --pitch -90`), or pass --hand main to use the item regardless.
    open failed after 3 attempts: used empty (aimed at block); screen: none
warning: The player was looking at a block, which takes a right-click before the held item does. Aim at nothing first (`look --pitch -90`), or pass --hand main to use the item regardless.
    client_row=False server_row=False
done
===== P3 (delay 150ms, 250000 B/s) =====
connected on 25566
Set up 10000 stacks over 4 channel(s).
  channel 0: 2500 stacks (1500 plain, 750 small payload, 250 heavy payload)
  channel 1: 2500 stacks (1500 plain, 750 small payload, 250 heavy payload)
  channel 2: 2500 stacks (1500 plain, 750 small payload, 250 heavy payload)
  channel 3: 2500 stacks (1500 plain, 750 small payload, 250 heavy payload)
    index 0=2500 1=2500 2=2500 3=2500
--- P3_10000_4ch_A_r1
    open failed after 3 attempts: used empty (aimed at block); screen: none
warning: The player was looking at a block, which takes a right-click before the held item does. Aim at nothing first (`look --pitch -90`), or pass --hand main to use the item regardless.
    open failed after 3 attempts: used empty (aimed at block); screen: none
warning: The player was looking at a block, which takes a right-click before the held item does. Aim at nothing first (`look --pitch -90`), or pass --hand main to use the item regardless.
    client_row=False server_row=False
--- P3_10000_4ch_A_r2
    open failed after 3 attempts: used empty (aimed at block); screen: none
warning: The player was looking at a block, which takes a right-click before the held item does. Aim at nothing first (`look --pitch -90`), or pass --hand main to use the item regardless.
    open failed after 3 attempts: used empty (aimed at block); screen: none
warning: The player was looking at a block, which takes a right-click before the held item does. Aim at nothing first (`look --pitch -90`), or pass --hand main to use the item regardless.
    client_row=False server_row=False
--- P3_10000_4ch_A_r3
    open failed after 3 attempts: used empty (aimed at block); screen: none
warning: The player was looking at a block, which takes a right-click before the held item does. Aim at nothing first (`look --pitch -90`), or pass --hand main to use the item regardless.
    open failed after 3 attempts: used empty (aimed at block); screen: none
warning: The player was looking at a block, which takes a right-click before the held item does. Aim at nothing first (`look --pitch -90`), or pass --hand main to use the item regardless.
    client_row=False server_row=False
--- P3_10000_4ch_B_r1
    open failed after 3 attempts: used empty (aimed at block); screen: none
warning: The player was looking at a block, which takes a right-click before the held item does. Aim at nothing first (`look --pitch -90`), or pass --hand main to use the item regardless.
    open failed after 3 attempts: used empty (aimed at block); screen: none
warning: The player was looking at a block, which takes a right-click before the held item does. Aim at nothing first (`look --pitch -90`), or pass --hand main to use the item regardless.
    client_row=False server_row=False
--- P3_10000_4ch_B_r2
    open failed after 3 attempts: used empty (aimed at block); screen: none
warning: The player was looking at a block, which takes a right-click before the held item does. Aim at nothing first (`look --pitch -90`), or pass --hand main to use the item regardless.
    open failed after 3 attempts: used empty (aimed at block); screen: none
warning: The player was looking at a block, which takes a right-click before the held item does. Aim at nothing first (`look --pitch -90`), or pass --hand main to use the item regardless.
    client_row=False server_row=False
--- P3_10000_4ch_B_r3
    open failed after 3 attempts: used empty (aimed at block); screen: none
warning: The player was looking at a block, which takes a right-click before the held item does. Aim at nothing first (`look --pitch -90`), or pass --hand main to use the item regardless.
    open failed after 3 attempts: used empty (aimed at block); screen: none
warning: The player was looking at a block, which takes a right-click before the held item does. Aim at nothing first (`look --pitch -90`), or pass --hand main to use the item regardless.
    client_row=False server_row=False
done
===== P3 (delay 150ms, 250000 B/s) =====
connected on 25566
Set up 10000 stacks over 1 channel(s).
  channel 0: 10000 stacks (1615 plain, 7385 small payload, 1000 heavy payload)
    index 0=10000
--- P3_10000_1ch_C_r1
    open failed after 3 attempts: used empty (aimed at block); screen: none
warning: The player was looking at a block, which takes a right-click before the held item does. Aim at nothing first (`look --pitch -90`), or pass --hand main to use the item regardless.
    open failed after 3 attempts: used empty (aimed at block); screen: none
warning: The player was looking at a block, which takes a right-click before the held item does. Aim at nothing first (`look --pitch -90`), or pass --hand main to use the item regardless.
    open failed after 3 attempts: used empty (aimed at block); screen: none
warning: The player was looking at a block, which takes a right-click before the held item does. Aim at nothing first (`look --pitch -90`), or pass --hand main to use the item regardless.
    client_row=False server_row=False
--- P3_10000_1ch_C_r2
    open failed after 3 attempts: used empty (aimed at block); screen: none
warning: The player was looking at a block, which takes a right-click before the held item does. Aim at nothing first (`look --pitch -90`), or pass --hand main to use the item regardless.
    open failed after 3 attempts: used empty (aimed at block); screen: none
warning: The player was looking at a block, which takes a right-click before the held item does. Aim at nothing first (`look --pitch -90`), or pass --hand main to use the item regardless.
    open failed after 3 attempts: used empty (aimed at block); screen: none
warning: The player was looking at a block, which takes a right-click before the held item does. Aim at nothing first (`look --pitch -90`), or pass --hand main to use the item regardless.
    client_row=False server_row=False
--- P3_10000_1ch_C_r3
    open failed after 3 attempts: used empty (aimed at block); screen: none
warning: The player was looking at a block, which takes a right-click before the held item does. Aim at nothing first (`look --pitch -90`), or pass --hand main to use the item regardless.
    open failed after 3 attempts: used empty (aimed at block); screen: none
warning: The player was looking at a block, which takes a right-click before the held item does. Aim at nothing first (`look --pitch -90`), or pass --hand main to use the item regardless.
    open failed after 3 attempts: used empty (aimed at block); screen: none
warning: The player was looking at a block, which takes a right-click before the held item does. Aim at nothing first (`look --pitch -90`), or pass --hand main to use the item regardless.
    client_row=False server_row=False
--- P3_10000_1ch_D_r1
    open failed after 3 attempts: used empty (aimed at block); screen: none
warning: The player was looking at a block, which takes a right-click before the held item does. Aim at nothing first (`look --pitch -90`), or pass --hand main to use the item regardless.
    open failed after 3 attempts: used empty (aimed at block); screen: none
warning: The player was looking at a block, which takes a right-click before the held item does. Aim at nothing first (`look --pitch -90`), or pass --hand main to use the item regardless.
    open failed after 3 attempts: used empty (aimed at block); screen: none
warning: The player was looking at a block, which takes a right-click before the held item does. Aim at nothing first (`look --pitch -90`), or pass --hand main to use the item regardless.
    client_row=False server_row=False
--- P3_10000_1ch_D_r2
    open failed after 3 attempts: used empty (aimed at block); screen: none
warning: The player was looking at a block, which takes a right-click before the held item does. Aim at nothing first (`look --pitch -90`), or pass --hand main to use the item regardless.
    open failed after 3 attempts: used empty (aimed at block); screen: none
warning: The player was looking at a block, which takes a right-click before the held item does. Aim at nothing first (`look --pitch -90`), or pass --hand main to use the item regardless.
    open failed after 3 attempts: used empty (aimed at block); screen: none
warning: The player was looking at a block, which takes a right-click before the held item does. Aim at nothing first (`look --pitch -90`), or pass --hand main to use the item regardless.
    client_row=False server_row=False
--- P3_10000_1ch_D_r3
    open failed after 3 attempts: used empty (aimed at block); screen: none
warning: The player was looking at a block, which takes a right-click before the held item does. Aim at nothing first (`look --pitch -90`), or pass --hand main to use the item regardless.
    open failed after 3 attempts: used empty (aimed at block); screen: none
warning: The player was looking at a block, which takes a right-click before the held item does. Aim at nothing first (`look --pitch -90`), or pass --hand main to use the item regardless.
    open failed after 3 attempts: used empty (aimed at block); screen: none
warning: The player was looking at a block, which takes a right-click before the held item does. Aim at nothing first (`look --pitch -90`), or pass --hand main to use the item regardless.
    client_row=False server_row=False
done
all profiles done
